<?xml version="1.0" encoding="UTF-8"?>
<TestRun id="3e0424ac-4a9a-4987-8e7e-2839d3672793" name="Jacob@MANTA 2014-01-20 13:04:36" runUser="MANTA\Jacob" xmlns="http://microsoft.com/schemas/VisualStudio/TeamTest/2010">
  <TestSettings name="Local" id="cbdc99a1-1f24-40e3-ba89-44dab7a2eb12">
    <Description>These are default test settings for a local test run.</Description>
    <Deployment enabled="false" runDeploymentRoot="Jacob_MANTA 2014-01-20 13_04_36">
      <DeploymentItem filename="c:\users\jacob\documents\visual studio 2010\Projects\LinkedListQueueProject\LinkedListQueueProject\bin\Debug\LinkedListQueueProject.dll" />
    </Deployment>
    <Execution>
      <TestTypeSpecific />
      <AgentRule name="Execution Agents">
      </AgentRule>
    </Execution>
  </TestSettings>
  <Times creation="2014-01-20T13:04:36.5986052-06:00" queuing="2014-01-20T13:04:36.6086119-06:00" start="2014-01-20T13:04:36.6136159-06:00" finish="2014-01-20T13:04:36.7877412-06:00" />
  <ResultSummary outcome="Completed">
    <Counters total="14" executed="14" passed="14" error="0" failed="0" timeout="0" aborted="0" inconclusive="0" passedButRunAborted="0" notRunnable="0" notExecuted="0" disconnected="0" warning="0" completed="0" inProgress="0" pending="0" />
  </ResultSummary>
  <TestDefinitions>
    <UnitTest name="ShouldBeAbleToCreateNodesWithNames" storage="c:\users\jacob\documents\visual studio 2010\projects\linkedlistqueueproject\linkedlistqueuetests\bin\debug\linkedlistqueuetests.dll" id="73e15b9f-3684-1b00-0ae0-6e777dc87c11">
      <Execution id="89dd1e30-1486-4c3a-97ac-ba5a147296e2" />
      <TestMethod codeBase="c:/users/jacob/documents/visual studio 2010/Projects/LinkedListQueueProject/LinkedListQueueTests/bin/Debug/LinkedListQueueTests.DLL" adapterTypeName="Microsoft.VisualStudio.TestTools.TestTypes.Unit.UnitTestAdapter, Microsoft.VisualStudio.QualityTools.Tips.UnitTest.Adapter, Version=10.0.0.0, Culture=neutral, PublicKeyToken=b03f5f7f11d50a3a" className="LinkedListQueueTests.NodeTest, LinkedListQueueTests, Version=1.0.0.0, Culture=neutral, PublicKeyToken=null" name="ShouldBeAbleToCreateNodesWithNames" />
    </UnitTest>
    <UnitTest name="HeadMethodShouldReturnHeadNode" storage="c:\users\jacob\documents\visual studio 2010\projects\linkedlistqueueproject\linkedlistqueuetests\bin\debug\linkedlistqueuetests.dll" id="d1776204-a50e-1217-7175-95fca87297d1">
      <Execution id="2ec74a5e-83c7-460a-97ed-e71ed577d0a5" />
      <TestMethod codeBase="c:/users/jacob/documents/visual studio 2010/Projects/LinkedListQueueProject/LinkedListQueueTests/bin/Debug/LinkedListQueueTests.DLL" adapterTypeName="Microsoft.VisualStudio.TestTools.TestTypes.Unit.UnitTestAdapter, Microsoft.VisualStudio.QualityTools.Tips.UnitTest.Adapter, Version=10.0.0.0, Culture=neutral, PublicKeyToken=b03f5f7f11d50a3a" className="LinkedListQueueTests.LinkedListQueueTest, LinkedListQueueTests, Version=1.0.0.0, Culture=neutral, PublicKeyToken=null" name="HeadMethodShouldReturnHeadNode" />
    </UnitTest>
    <UnitTest name="GetNameShouldReturnAName" storage="c:\users\jacob\documents\visual studio 2010\projects\linkedlistqueueproject\linkedlistqueuetests\bin\debug\linkedlistqueuetests.dll" id="14586cee-3adb-8ba8-b681-9889153d460a">
      <Execution id="7d6b4b3d-69dc-4f4f-b9b5-348bf2dce78b" />
      <TestMethod codeBase="c:/users/jacob/documents/visual studio 2010/Projects/LinkedListQueueProject/LinkedListQueueTests/bin/Debug/LinkedListQueueTests.DLL" adapterTypeName="Microsoft.VisualStudio.TestTools.TestTypes.Unit.UnitTestAdapter, Microsoft.VisualStudio.QualityTools.Tips.UnitTest.Adapter, Version=10.0.0.0, Culture=neutral, PublicKeyToken=b03f5f7f11d50a3a" className="LinkedListQueueTests.NodeTest, LinkedListQueueTests, Version=1.0.0.0, Culture=neutral, PublicKeyToken=null" name="GetNameShouldReturnAName" />
    </UnitTest>
    <UnitTest name="DequeueShouldCreateNewHeadNode" storage="c:\users\jacob\documents\visual studio 2010\projects\linkedlistqueueproject\linkedlistqueuetests\bin\debug\linkedlistqueuetests.dll" id="8ae4aee8-2123-fb66-d340-87c2f40d0e5d">
      <Execution id="6efa2539-3c7f-4b85-8300-65d3bf02fb77" />
      <TestMethod codeBase="c:/users/jacob/documents/visual studio 2010/Projects/LinkedListQueueProject/LinkedListQueueTests/bin/Debug/LinkedListQueueTests.DLL" adapterTypeName="Microsoft.VisualStudio.TestTools.TestTypes.Unit.UnitTestAdapter, Microsoft.VisualStudio.QualityTools.Tips.UnitTest.Adapter, Version=10.0.0.0, Culture=neutral, PublicKeyToken=b03f5f7f11d50a3a" className="LinkedListQueueTests.LinkedListQueueTest, LinkedListQueueTests, Version=1.0.0.0, Culture=neutral, PublicKeyToken=null" name="DequeueShouldCreateNewHeadNode" />
    </UnitTest>
    <UnitTest name="ShouldBeAbleToCreateNodesWithNextNodes" storage="c:\users\jacob\documents\visual studio 2010\projects\linkedlistqueueproject\linkedlistqueuetests\bin\debug\linkedlistqueuetests.dll" id="fdd77d2c-d57c-f1cb-b178-ef37f15093cb">
      <Execution id="b51763f4-0db1-4a7e-b857-c005a89e77ba" />
      <TestMethod codeBase="c:/users/jacob/documents/visual studio 2010/Projects/LinkedListQueueProject/LinkedListQueueTests/bin/Debug/LinkedListQueueTests.DLL" adapterTypeName="Microsoft.VisualStudio.TestTools.TestTypes.Unit.UnitTestAdapter, Microsoft.VisualStudio.QualityTools.Tips.UnitTest.Adapter, Version=10.0.0.0, Culture=neutral, PublicKeyToken=b03f5f7f11d50a3a" className="LinkedListQueueTests.NodeTest, LinkedListQueueTests, Version=1.0.0.0, Culture=neutral, PublicKeyToken=null" name="ShouldBeAbleToCreateNodesWithNextNodes" />
    </UnitTest>
    <UnitTest name="SetNamesShouldChangeTheName" storage="c:\users\jacob\documents\visual studio 2010\projects\linkedlistqueueproject\linkedlistqueuetests\bin\debug\linkedlistqueuetests.dll" id="dd3b011a-61ea-44e6-4650-dc9d8d3cf05c">
      <Execution id="29b72681-9653-4bd3-acd7-81407c54d349" />
      <TestMethod codeBase="c:/users/jacob/documents/visual studio 2010/Projects/LinkedListQueueProject/LinkedListQueueTests/bin/Debug/LinkedListQueueTests.DLL" adapterTypeName="Microsoft.VisualStudio.TestTools.TestTypes.Unit.UnitTestAdapter, Microsoft.VisualStudio.QualityTools.Tips.UnitTest.Adapter, Version=10.0.0.0, Culture=neutral, PublicKeyToken=b03f5f7f11d50a3a" className="LinkedListQueueTests.NodeTest, LinkedListQueueTests, Version=1.0.0.0, Culture=neutral, PublicKeyToken=null" name="SetNamesShouldChangeTheName" />
    </UnitTest>
    <UnitTest name="ShouldBeAbleToCreateNodes" storage="c:\users\jacob\documents\visual studio 2010\projects\linkedlistqueueproject\linkedlistqueuetests\bin\debug\linkedlistqueuetests.dll" id="1d6b2bd8-3b8a-9e65-6d10-cf27e8523598">
      <Execution id="7df2286a-ebd4-4370-a0aa-6093f049b4bc" />
      <TestMethod codeBase="c:/users/jacob/documents/visual studio 2010/Projects/LinkedListQueueProject/LinkedListQueueTests/bin/Debug/LinkedListQueueTests.DLL" adapterTypeName="Microsoft.VisualStudio.TestTools.TestTypes.Unit.UnitTestAdapter, Microsoft.VisualStudio.QualityTools.Tips.UnitTest.Adapter, Version=10.0.0.0, Culture=neutral, PublicKeyToken=b03f5f7f11d50a3a" className="LinkedListQueueTests.NodeTest, LinkedListQueueTests, Version=1.0.0.0, Culture=neutral, PublicKeyToken=null" name="ShouldBeAbleToCreateNodes" />
    </UnitTest>
    <UnitTest name="LinkedListQueueConstructorTest" storage="c:\users\jacob\documents\visual studio 2010\projects\linkedlistqueueproject\linkedlistqueuetests\bin\debug\linkedlistqueuetests.dll" id="7bb9d228-8e50-7876-e2f7-9e8cfbb85167">
      <Execution id="0f0eea06-24ae-4f27-9fa0-262aef4c5272" />
      <TestMethod codeBase="c:/users/jacob/documents/visual studio 2010/Projects/LinkedListQueueProject/LinkedListQueueTests/bin/Debug/LinkedListQueueTests.DLL" adapterTypeName="Microsoft.VisualStudio.TestTools.TestTypes.Unit.UnitTestAdapter, Microsoft.VisualStudio.QualityTools.Tips.UnitTest.Adapter, Version=10.0.0.0, Culture=neutral, PublicKeyToken=b03f5f7f11d50a3a" className="LinkedListQueueTests.LinkedListQueueTest, LinkedListQueueTests, Version=1.0.0.0, Culture=neutral, PublicKeyToken=null" name="LinkedListQueueConstructorTest" />
    </UnitTest>
    <UnitTest name="FindShouldReturnDesiredNode" storage="c:\users\jacob\documents\visual studio 2010\projects\linkedlistqueueproject\linkedlistqueuetests\bin\debug\linkedlistqueuetests.dll" id="0dfd78de-e5c1-c74c-a152-fd356d88d7a2">
      <Execution id="b689a323-4e0a-4865-a21c-98a6c91d9c10" />
      <TestMethod codeBase="c:/users/jacob/documents/visual studio 2010/Projects/LinkedListQueueProject/LinkedListQueueTests/bin/Debug/LinkedListQueueTests.DLL" adapterTypeName="Microsoft.VisualStudio.TestTools.TestTypes.Unit.UnitTestAdapter, Microsoft.VisualStudio.QualityTools.Tips.UnitTest.Adapter, Version=10.0.0.0, Culture=neutral, PublicKeyToken=b03f5f7f11d50a3a" className="LinkedListQueueTests.LinkedListQueueTest, LinkedListQueueTests, Version=1.0.0.0, Culture=neutral, PublicKeyToken=null" name="FindShouldReturnDesiredNode" />
    </UnitTest>
    <UnitTest name="DequeueShouldReturnHeadNode" storage="c:\users\jacob\documents\visual studio 2010\projects\linkedlistqueueproject\linkedlistqueuetests\bin\debug\linkedlistqueuetests.dll" id="f37e1ef7-2f0e-3581-34f0-f5472e6bfe7c">
      <Execution id="250265e8-531c-44d1-99aa-9188b344a519" />
      <TestMethod codeBase="c:/users/jacob/documents/visual studio 2010/Projects/LinkedListQueueProject/LinkedListQueueTests/bin/Debug/LinkedListQueueTests.DLL" adapterTypeName="Microsoft.VisualStudio.TestTools.TestTypes.Unit.UnitTestAdapter, Microsoft.VisualStudio.QualityTools.Tips.UnitTest.Adapter, Version=10.0.0.0, Culture=neutral, PublicKeyToken=b03f5f7f11d50a3a" className="LinkedListQueueTests.LinkedListQueueTest, LinkedListQueueTests, Version=1.0.0.0, Culture=neutral, PublicKeyToken=null" name="DequeueShouldReturnHeadNode" />
    </UnitTest>
    <UnitTest name="EnqueueShouldTakeANode" storage="c:\users\jacob\documents\visual studio 2010\projects\linkedlistqueueproject\linkedlistqueuetests\bin\debug\linkedlistqueuetests.dll" id="afad4eff-e3a9-fc6d-d441-26bd438a489b">
      <Execution id="4c19257a-173a-4f4b-8538-2bd3aa0506bb" />
      <TestMethod codeBase="c:/users/jacob/documents/visual studio 2010/Projects/LinkedListQueueProject/LinkedListQueueTests/bin/Debug/LinkedListQueueTests.DLL" adapterTypeName="Microsoft.VisualStudio.TestTools.TestTypes.Unit.UnitTestAdapter, Microsoft.VisualStudio.QualityTools.Tips.UnitTest.Adapter, Version=10.0.0.0, Culture=neutral, PublicKeyToken=b03f5f7f11d50a3a" className="LinkedListQueueTests.LinkedListQueueTest, LinkedListQueueTests, Version=1.0.0.0, Culture=neutral, PublicKeyToken=null" name="EnqueueShouldTakeANode" />
    </UnitTest>
    <UnitTest name="EnqueueShouldAddPreviousTailToNewTailsNextNode" storage="c:\users\jacob\documents\visual studio 2010\projects\linkedlistqueueproject\linkedlistqueuetests\bin\debug\linkedlistqueuetests.dll" id="a14a2c93-7cbc-9b40-51c7-07d229970091">
      <Execution id="5891180f-f169-4bad-b6f3-14c297db98da" />
      <TestMethod codeBase="c:/users/jacob/documents/visual studio 2010/Projects/LinkedListQueueProject/LinkedListQueueTests/bin/Debug/LinkedListQueueTests.DLL" adapterTypeName="Microsoft.VisualStudio.TestTools.TestTypes.Unit.UnitTestAdapter, Microsoft.VisualStudio.QualityTools.Tips.UnitTest.Adapter, Version=10.0.0.0, Culture=neutral, PublicKeyToken=b03f5f7f11d50a3a" className="LinkedListQueueTests.LinkedListQueueTest, LinkedListQueueTests, Version=1.0.0.0, Culture=neutral, PublicKeyToken=null" name="EnqueueShouldAddPreviousTailToNewTailsNextNode" />
    </UnitTest>
    <UnitTest name="TailShouldReturnLastNodeInQueue" storage="c:\users\jacob\documents\visual studio 2010\projects\linkedlistqueueproject\linkedlistqueuetests\bin\debug\linkedlistqueuetests.dll" id="7af559c6-30cb-3c6c-c619-926d8a6a7847">
      <Execution id="9e5cb0e7-2d54-4176-b64d-7f4f8af8971e" />
      <TestMethod codeBase="c:/users/jacob/documents/visual studio 2010/Projects/LinkedListQueueProject/LinkedListQueueTests/bin/Debug/LinkedListQueueTests.DLL" adapterTypeName="Microsoft.VisualStudio.TestTools.TestTypes.Unit.UnitTestAdapter, Microsoft.VisualStudio.QualityTools.Tips.UnitTest.Adapter, Version=10.0.0.0, Culture=neutral, PublicKeyToken=b03f5f7f11d50a3a" className="LinkedListQueueTests.LinkedListQueueTest, LinkedListQueueTests, Version=1.0.0.0, Culture=neutral, PublicKeyToken=null" name="TailShouldReturnLastNodeInQueue" />
    </UnitTest>
    <UnitTest name="ShouldBeAbleToGetAndSetNextNode" storage="c:\users\jacob\documents\visual studio 2010\projects\linkedlistqueueproject\linkedlistqueuetests\bin\debug\linkedlistqueuetests.dll" id="5373455d-45db-29d0-b572-6ee8f80a0b06">
      <Execution id="342f413e-db07-4f59-8b21-2fdb9ee5ff1a" />
      <TestMethod codeBase="c:/users/jacob/documents/visual studio 2010/Projects/LinkedListQueueProject/LinkedListQueueTests/bin/Debug/LinkedListQueueTests.DLL" adapterTypeName="Microsoft.VisualStudio.TestTools.TestTypes.Unit.UnitTestAdapter, Microsoft.VisualStudio.QualityTools.Tips.UnitTest.Adapter, Version=10.0.0.0, Culture=neutral, PublicKeyToken=b03f5f7f11d50a3a" className="LinkedListQueueTests.NodeTest, LinkedListQueueTests, Version=1.0.0.0, Culture=neutral, PublicKeyToken=null" name="ShouldBeAbleToGetAndSetNextNode" />
    </UnitTest>
  </TestDefinitions>
  <TestLists>
    <TestList name="Results Not in a List" id="8c84fa94-04c1-424b-9868-57a2d4851a1d" />
    <TestList name="All Loaded Results" id="19431567-8539-422a-85d7-44ee4e166bda" />
  </TestLists>
  <TestEntries>
    <TestEntry testId="dd3b011a-61ea-44e6-4650-dc9d8d3cf05c" executionId="29b72681-9653-4bd3-acd7-81407c54d349" testListId="8c84fa94-04c1-424b-9868-57a2d4851a1d" />
    <TestEntry testId="d1776204-a50e-1217-7175-95fca87297d1" executionId="2ec74a5e-83c7-460a-97ed-e71ed577d0a5" testListId="8c84fa94-04c1-424b-9868-57a2d4851a1d" />
    <TestEntry testId="a14a2c93-7cbc-9b40-51c7-07d229970091" executionId="5891180f-f169-4bad-b6f3-14c297db98da" testListId="8c84fa94-04c1-424b-9868-57a2d4851a1d" />
    <TestEntry testId="1d6b2bd8-3b8a-9e65-6d10-cf27e8523598" executionId="7df2286a-ebd4-4370-a0aa-6093f049b4bc" testListId="8c84fa94-04c1-424b-9868-57a2d4851a1d" />
    <TestEntry testId="afad4eff-e3a9-fc6d-d441-26bd438a489b" executionId="4c19257a-173a-4f4b-8538-2bd3aa0506bb" testListId="8c84fa94-04c1-424b-9868-57a2d4851a1d" />
    <TestEntry testId="f37e1ef7-2f0e-3581-34f0-f5472e6bfe7c" executionId="250265e8-531c-44d1-99aa-9188b344a519" testListId="8c84fa94-04c1-424b-9868-57a2d4851a1d" />
    <TestEntry testId="5373455d-45db-29d0-b572-6ee8f80a0b06" executionId="342f413e-db07-4f59-8b21-2fdb9ee5ff1a" testListId="8c84fa94-04c1-424b-9868-57a2d4851a1d" />
    <TestEntry testId="fdd77d2c-d57c-f1cb-b178-ef37f15093cb" executionId="b51763f4-0db1-4a7e-b857-c005a89e77ba" testListId="8c84fa94-04c1-424b-9868-57a2d4851a1d" />
    <TestEntry testId="14586cee-3adb-8ba8-b681-9889153d460a" executionId="7d6b4b3d-69dc-4f4f-b9b5-348bf2dce78b" testListId="8c84fa94-04c1-424b-9868-57a2d4851a1d" />
    <TestEntry testId="7af559c6-30cb-3c6c-c619-926d8a6a7847" executionId="9e5cb0e7-2d54-4176-b64d-7f4f8af8971e" testListId="8c84fa94-04c1-424b-9868-57a2d4851a1d" />
    <TestEntry testId="73e15b9f-3684-1b00-0ae0-6e777dc87c11" executionId="89dd1e30-1486-4c3a-97ac-ba5a147296e2" testListId="8c84fa94-04c1-424b-9868-57a2d4851a1d" />
    <TestEntry testId="0dfd78de-e5c1-c74c-a152-fd356d88d7a2" executionId="b689a323-4e0a-4865-a21c-98a6c91d9c10" testListId="8c84fa94-04c1-424b-9868-57a2d4851a1d" />
    <TestEntry testId="8ae4aee8-2123-fb66-d340-87c2f40d0e5d" executionId="6efa2539-3c7f-4b85-8300-65d3bf02fb77" testListId="8c84fa94-04c1-424b-9868-57a2d4851a1d" />
    <TestEntry testId="7bb9d228-8e50-7876-e2f7-9e8cfbb85167" executionId="0f0eea06-24ae-4f27-9fa0-262aef4c5272" testListId="8c84fa94-04c1-424b-9868-57a2d4851a1d" />
  </TestEntries>
  <Results>
    <UnitTestResult executionId="29b72681-9653-4bd3-acd7-81407c54d349" testId="dd3b011a-61ea-44e6-4650-dc9d8d3cf05c" testName="SetNamesShouldChangeTheName" computerName="MANTA" duration="00:00:00.0098176" startTime="2014-01-20T13:04:36.6146161-06:00" endTime="2014-01-20T13:04:36.7367042-06:00" testType="13cdc9d9-ddb5-4fa4-a97d-d965ccfc6d4b" outcome="Passed" testListId="8c84fa94-04c1-424b-9868-57a2d4851a1d" relativeResultsDirectory="29b72681-9653-4bd3-acd7-81407c54d349">
    </UnitTestResult>
    <UnitTestResult executionId="2ec74a5e-83c7-460a-97ed-e71ed577d0a5" testId="d1776204-a50e-1217-7175-95fca87297d1" testName="HeadMethodShouldReturnHeadNode" computerName="MANTA" duration="00:00:00.0005769" startTime="2014-01-20T13:04:36.7367042-06:00" endTime="2014-01-20T13:04:36.7407053-06:00" testType="13cdc9d9-ddb5-4fa4-a97d-d965ccfc6d4b" outcome="Passed" testListId="8c84fa94-04c1-424b-9868-57a2d4851a1d" relativeResultsDirectory="2ec74a5e-83c7-460a-97ed-e71ed577d0a5">
    </UnitTestResult>
    <UnitTestResult executionId="5891180f-f169-4bad-b6f3-14c297db98da" testId="a14a2c93-7cbc-9b40-51c7-07d229970091" testName="EnqueueShouldAddPreviousTailToNewTailsNextNode" computerName="MANTA" duration="00:00:00.0001667" startTime="2014-01-20T13:04:36.7407053-06:00" endTime="2014-01-20T13:04:36.7437074-06:00" testType="13cdc9d9-ddb5-4fa4-a97d-d965ccfc6d4b" outcome="Passed" testListId="8c84fa94-04c1-424b-9868-57a2d4851a1d" relativeResultsDirectory="5891180f-f169-4bad-b6f3-14c297db98da">
    </UnitTestResult>
    <UnitTestResult executionId="7df2286a-ebd4-4370-a0aa-6093f049b4bc" testId="1d6b2bd8-3b8a-9e65-6d10-cf27e8523598" testName="ShouldBeAbleToCreateNodes" computerName="MANTA" duration="00:00:00.0001022" startTime="2014-01-20T13:04:36.7447129-06:00" endTime="2014-01-20T13:04:36.7467100-06:00" testType="13cdc9d9-ddb5-4fa4-a97d-d965ccfc6d4b" outcome="Passed" testListId="8c84fa94-04c1-424b-9868-57a2d4851a1d" relativeResultsDirectory="7df2286a-ebd4-4370-a0aa-6093f049b4bc">
    </UnitTestResult>
    <UnitTestResult executionId="4c19257a-173a-4f4b-8538-2bd3aa0506bb" testId="afad4eff-e3a9-fc6d-d441-26bd438a489b" testName="EnqueueShouldTakeANode" computerName="MANTA" duration="00:00:00.0001180" startTime="2014-01-20T13:04:36.7477103-06:00" endTime="2014-01-20T13:04:36.7497117-06:00" testType="13cdc9d9-ddb5-4fa4-a97d-d965ccfc6d4b" outcome="Passed" testListId="8c84fa94-04c1-424b-9868-57a2d4851a1d" relativeResultsDirectory="4c19257a-173a-4f4b-8538-2bd3aa0506bb">
    </UnitTestResult>
    <UnitTestResult executionId="250265e8-531c-44d1-99aa-9188b344a519" testId="f37e1ef7-2f0e-3581-34f0-f5472e6bfe7c" testName="DequeueShouldReturnHeadNode" computerName="MANTA" duration="00:00:00.0002792" startTime="2014-01-20T13:04:36.7507124-06:00" endTime="2014-01-20T13:04:36.7537244-06:00" testType="13cdc9d9-ddb5-4fa4-a97d-d965ccfc6d4b" outcome="Passed" testListId="8c84fa94-04c1-424b-9868-57a2d4851a1d" relativeResultsDirectory="250265e8-531c-44d1-99aa-9188b344a519">
    </UnitTestResult>
    <UnitTestResult executionId="342f413e-db07-4f59-8b21-2fdb9ee5ff1a" testId="5373455d-45db-29d0-b572-6ee8f80a0b06" testName="ShouldBeAbleToGetAndSetNextNode" computerName="MANTA" duration="00:00:00.0002249" startTime="2014-01-20T13:04:36.7537244-06:00" endTime="2014-01-20T13:04:36.7567171-06:00" testType="13cdc9d9-ddb5-4fa4-a97d-d965ccfc6d4b" outcome="Passed" testListId="8c84fa94-04c1-424b-9868-57a2d4851a1d" relativeResultsDirectory="342f413e-db07-4f59-8b21-2fdb9ee5ff1a">
    </UnitTestResult>
    <UnitTestResult executionId="b51763f4-0db1-4a7e-b857-c005a89e77ba" testId="fdd77d2c-d57c-f1cb-b178-ef37f15093cb" testName="ShouldBeAbleToCreateNodesWithNextNodes" computerName="MANTA" duration="00:00:00.0002155" startTime="2014-01-20T13:04:36.7577178-06:00" endTime="2014-01-20T13:04:36.7607199-06:00" testType="13cdc9d9-ddb5-4fa4-a97d-d965ccfc6d4b" outcome="Passed" testListId="8c84fa94-04c1-424b-9868-57a2d4851a1d" relativeResultsDirectory="b51763f4-0db1-4a7e-b857-c005a89e77ba">
    </UnitTestResult>
    <UnitTestResult executionId="7d6b4b3d-69dc-4f4f-b9b5-348bf2dce78b" testId="14586cee-3adb-8ba8-b681-9889153d460a" testName="GetNameShouldReturnAName" computerName="MANTA" duration="00:00:00.0001394" startTime="2014-01-20T13:04:36.7607199-06:00" endTime="2014-01-20T13:04:36.7637225-06:00" testType="13cdc9d9-ddb5-4fa4-a97d-d965ccfc6d4b" outcome="Passed" testListId="8c84fa94-04c1-424b-9868-57a2d4851a1d" relativeResultsDirectory="7d6b4b3d-69dc-4f4f-b9b5-348bf2dce78b">
    </UnitTestResult>
    <UnitTestResult executionId="9e5cb0e7-2d54-4176-b64d-7f4f8af8971e" testId="7af559c6-30cb-3c6c-c619-926d8a6a7847" testName="TailShouldReturnLastNodeInQueue" computerName="MANTA" duration="00:00:00.0001924" startTime="2014-01-20T13:04:36.7637225-06:00" endTime="2014-01-20T13:04:36.7667233-06:00" testType="13cdc9d9-ddb5-4fa4-a97d-d965ccfc6d4b" outcome="Passed" testListId="8c84fa94-04c1-424b-9868-57a2d4851a1d" relativeResultsDirectory="9e5cb0e7-2d54-4176-b64d-7f4f8af8971e">
    </UnitTestResult>
    <UnitTestResult executionId="89dd1e30-1486-4c3a-97ac-ba5a147296e2" testId="73e15b9f-3684-1b00-0ae0-6e777dc87c11" testName="ShouldBeAbleToCreateNodesWithNames" computerName="MANTA" duration="00:00:00.0001317" startTime="2014-01-20T13:04:36.7667233-06:00" endTime="2014-01-20T13:04:36.7697258-06:00" testType="13cdc9d9-ddb5-4fa4-a97d-d965ccfc6d4b" outcome="Passed" testListId="8c84fa94-04c1-424b-9868-57a2d4851a1d" relativeResultsDirectory="89dd1e30-1486-4c3a-97ac-ba5a147296e2">
    </UnitTestResult>
    <UnitTestResult executionId="b689a323-4e0a-4865-a21c-98a6c91d9c10" testId="0dfd78de-e5c1-c74c-a152-fd356d88d7a2" testName="FindShouldReturnDesiredNode" computerName="MANTA" duration="00:00:00.0003913" startTime="2014-01-20T13:04:36.7707266-06:00" endTime="2014-01-20T13:04:36.7737287-06:00" testType="13cdc9d9-ddb5-4fa4-a97d-d965ccfc6d4b" outcome="Passed" testListId="8c84fa94-04c1-424b-9868-57a2d4851a1d" relativeResultsDirectory="b689a323-4e0a-4865-a21c-98a6c91d9c10">
    </UnitTestResult>
    <UnitTestResult executionId="6efa2539-3c7f-4b85-8300-65d3bf02fb77" testId="8ae4aee8-2123-fb66-d340-87c2f40d0e5d" testName="DequeueShouldCreateNewHeadNode" computerName="MANTA" duration="00:00:00.0002044" startTime="2014-01-20T13:04:36.7747294-06:00" endTime="2014-01-20T13:04:36.7767436-06:00" testType="13cdc9d9-ddb5-4fa4-a97d-d965ccfc6d4b" outcome="Passed" testListId="8c84fa94-04c1-424b-9868-57a2d4851a1d" relativeResultsDirectory="6efa2539-3c7f-4b85-8300-65d3bf02fb77">
    </UnitTestResult>
    <UnitTestResult executionId="0f0eea06-24ae-4f27-9fa0-262aef4c5272" testId="7bb9d228-8e50-7876-e2f7-9e8cfbb85167" testName="LinkedListQueueConstructorTest" computerName="MANTA" duration="00:00:00.0000936" startTime="2014-01-20T13:04:36.7777328-06:00" endTime="2014-01-20T13:04:36.7797329-06:00" testType="13cdc9d9-ddb5-4fa4-a97d-d965ccfc6d4b" outcome="Passed" testListId="8c84fa94-04c1-424b-9868-57a2d4851a1d" relativeResultsDirectory="0f0eea06-24ae-4f27-9fa0-262aef4c5272">
    </UnitTestResult>
  </Results>
</TestRun>