<?xml version="1.0" encoding="UTF-8"?>
<TestRun id="20044ce7-30ec-43d4-8ef8-9892c75a975f" name="Jacob@MANTA 2014-01-20 12:57:50" runUser="MANTA\Jacob" xmlns="http://microsoft.com/schemas/VisualStudio/TeamTest/2010">
  <TestSettings name="Local" id="cbdc99a1-1f24-40e3-ba89-44dab7a2eb12">
    <Description>These are default test settings for a local test run.</Description>
    <Deployment enabled="false" runDeploymentRoot="Jacob_MANTA 2014-01-20 12_57_50">
      <DeploymentItem filename="c:\users\jacob\documents\visual studio 2010\Projects\LinkedListQueueProject\LinkedListQueueProject\bin\Debug\LinkedListQueueProject.dll" />
    </Deployment>
    <Execution>
      <TestTypeSpecific />
      <AgentRule name="Execution Agents">
      </AgentRule>
    </Execution>
  </TestSettings>
  <Times creation="2014-01-20T12:57:50.3574518-06:00" queuing="2014-01-20T12:57:50.3674418-06:00" start="2014-01-20T12:57:50.3724453-06:00" finish="2014-01-20T12:57:50.5625798-06:00" />
  <ResultSummary outcome="Failed">
    <Counters total="14" executed="14" passed="13" error="0" failed="1" timeout="0" aborted="0" inconclusive="0" passedButRunAborted="0" notRunnable="0" notExecuted="0" disconnected="0" warning="0" completed="0" inProgress="0" pending="0" />
  </ResultSummary>
  <TestDefinitions>
    <UnitTest name="ShouldBeAbleToCreateNodesWithNames" storage="c:\users\jacob\documents\visual studio 2010\projects\linkedlistqueueproject\linkedlistqueuetests\bin\debug\linkedlistqueuetests.dll" id="73e15b9f-3684-1b00-0ae0-6e777dc87c11">
      <Execution id="93cd8f12-00be-48a9-884e-c60f3108fbf2" />
      <TestMethod codeBase="c:/users/jacob/documents/visual studio 2010/Projects/LinkedListQueueProject/LinkedListQueueTests/bin/Debug/LinkedListQueueTests.DLL" adapterTypeName="Microsoft.VisualStudio.TestTools.TestTypes.Unit.UnitTestAdapter, Microsoft.VisualStudio.QualityTools.Tips.UnitTest.Adapter, Version=10.0.0.0, Culture=neutral, PublicKeyToken=b03f5f7f11d50a3a" className="LinkedListQueueTests.NodeTest, LinkedListQueueTests, Version=1.0.0.0, Culture=neutral, PublicKeyToken=null" name="ShouldBeAbleToCreateNodesWithNames" />
    </UnitTest>
    <UnitTest name="HeadMethodShouldReturnHeadNode" storage="c:\users\jacob\documents\visual studio 2010\projects\linkedlistqueueproject\linkedlistqueuetests\bin\debug\linkedlistqueuetests.dll" id="d1776204-a50e-1217-7175-95fca87297d1">
      <Execution id="2025b601-4171-4ac6-8fb0-506fd2b43ad0" />
      <TestMethod codeBase="c:/users/jacob/documents/visual studio 2010/Projects/LinkedListQueueProject/LinkedListQueueTests/bin/Debug/LinkedListQueueTests.DLL" adapterTypeName="Microsoft.VisualStudio.TestTools.TestTypes.Unit.UnitTestAdapter, Microsoft.VisualStudio.QualityTools.Tips.UnitTest.Adapter, Version=10.0.0.0, Culture=neutral, PublicKeyToken=b03f5f7f11d50a3a" className="LinkedListQueueTests.LinkedListQueueTest, LinkedListQueueTests, Version=1.0.0.0, Culture=neutral, PublicKeyToken=null" name="HeadMethodShouldReturnHeadNode" />
    </UnitTest>
    <UnitTest name="GetNameShouldReturnAName" storage="c:\users\jacob\documents\visual studio 2010\projects\linkedlistqueueproject\linkedlistqueuetests\bin\debug\linkedlistqueuetests.dll" id="14586cee-3adb-8ba8-b681-9889153d460a">
      <Execution id="24614226-cb4f-4f78-bc45-80df18973c84" />
      <TestMethod codeBase="c:/users/jacob/documents/visual studio 2010/Projects/LinkedListQueueProject/LinkedListQueueTests/bin/Debug/LinkedListQueueTests.DLL" adapterTypeName="Microsoft.VisualStudio.TestTools.TestTypes.Unit.UnitTestAdapter, Microsoft.VisualStudio.QualityTools.Tips.UnitTest.Adapter, Version=10.0.0.0, Culture=neutral, PublicKeyToken=b03f5f7f11d50a3a" className="LinkedListQueueTests.NodeTest, LinkedListQueueTests, Version=1.0.0.0, Culture=neutral, PublicKeyToken=null" name="GetNameShouldReturnAName" />
    </UnitTest>
    <UnitTest name="DequeueShouldCreateNewHeadNode" storage="c:\users\jacob\documents\visual studio 2010\projects\linkedlistqueueproject\linkedlistqueuetests\bin\debug\linkedlistqueuetests.dll" id="8ae4aee8-2123-fb66-d340-87c2f40d0e5d">
      <Execution id="7227a0a9-7336-4448-af42-c6defb1ef8ff" />
      <TestMethod codeBase="c:/users/jacob/documents/visual studio 2010/Projects/LinkedListQueueProject/LinkedListQueueTests/bin/Debug/LinkedListQueueTests.DLL" adapterTypeName="Microsoft.VisualStudio.TestTools.TestTypes.Unit.UnitTestAdapter, Microsoft.VisualStudio.QualityTools.Tips.UnitTest.Adapter, Version=10.0.0.0, Culture=neutral, PublicKeyToken=b03f5f7f11d50a3a" className="LinkedListQueueTests.LinkedListQueueTest, LinkedListQueueTests, Version=1.0.0.0, Culture=neutral, PublicKeyToken=null" name="DequeueShouldCreateNewHeadNode" />
    </UnitTest>
    <UnitTest name="ShouldBeAbleToCreateNodesWithNextNodes" storage="c:\users\jacob\documents\visual studio 2010\projects\linkedlistqueueproject\linkedlistqueuetests\bin\debug\linkedlistqueuetests.dll" id="fdd77d2c-d57c-f1cb-b178-ef37f15093cb">
      <Execution id="af408f13-3658-4477-ae8f-51729bd1326f" />
      <TestMethod codeBase="c:/users/jacob/documents/visual studio 2010/Projects/LinkedListQueueProject/LinkedListQueueTests/bin/Debug/LinkedListQueueTests.DLL" adapterTypeName="Microsoft.VisualStudio.TestTools.TestTypes.Unit.UnitTestAdapter, Microsoft.VisualStudio.QualityTools.Tips.UnitTest.Adapter, Version=10.0.0.0, Culture=neutral, PublicKeyToken=b03f5f7f11d50a3a" className="LinkedListQueueTests.NodeTest, LinkedListQueueTests, Version=1.0.0.0, Culture=neutral, PublicKeyToken=null" name="ShouldBeAbleToCreateNodesWithNextNodes" />
    </UnitTest>
    <UnitTest name="SetNamesShouldChangeTheName" storage="c:\users\jacob\documents\visual studio 2010\projects\linkedlistqueueproject\linkedlistqueuetests\bin\debug\linkedlistqueuetests.dll" id="dd3b011a-61ea-44e6-4650-dc9d8d3cf05c">
      <Execution id="d1e1f832-ae37-4c9b-a0c5-570b3ae97e03" />
      <TestMethod codeBase="c:/users/jacob/documents/visual studio 2010/Projects/LinkedListQueueProject/LinkedListQueueTests/bin/Debug/LinkedListQueueTests.DLL" adapterTypeName="Microsoft.VisualStudio.TestTools.TestTypes.Unit.UnitTestAdapter, Microsoft.VisualStudio.QualityTools.Tips.UnitTest.Adapter, Version=10.0.0.0, Culture=neutral, PublicKeyToken=b03f5f7f11d50a3a" className="LinkedListQueueTests.NodeTest, LinkedListQueueTests, Version=1.0.0.0, Culture=neutral, PublicKeyToken=null" name="SetNamesShouldChangeTheName" />
    </UnitTest>
    <UnitTest name="ShouldBeAbleToCreateNodes" storage="c:\users\jacob\documents\visual studio 2010\projects\linkedlistqueueproject\linkedlistqueuetests\bin\debug\linkedlistqueuetests.dll" id="1d6b2bd8-3b8a-9e65-6d10-cf27e8523598">
      <Execution id="6c4e74ca-ff6f-47c6-ac82-3ec2f73f193d" />
      <TestMethod codeBase="c:/users/jacob/documents/visual studio 2010/Projects/LinkedListQueueProject/LinkedListQueueTests/bin/Debug/LinkedListQueueTests.DLL" adapterTypeName="Microsoft.VisualStudio.TestTools.TestTypes.Unit.UnitTestAdapter, Microsoft.VisualStudio.QualityTools.Tips.UnitTest.Adapter, Version=10.0.0.0, Culture=neutral, PublicKeyToken=b03f5f7f11d50a3a" className="LinkedListQueueTests.NodeTest, LinkedListQueueTests, Version=1.0.0.0, Culture=neutral, PublicKeyToken=null" name="ShouldBeAbleToCreateNodes" />
    </UnitTest>
    <UnitTest name="LinkedListQueueConstructorTest" storage="c:\users\jacob\documents\visual studio 2010\projects\linkedlistqueueproject\linkedlistqueuetests\bin\debug\linkedlistqueuetests.dll" id="7bb9d228-8e50-7876-e2f7-9e8cfbb85167">
      <Execution id="a92ce702-476a-463a-9b7d-46b722dbb9d3" />
      <TestMethod codeBase="c:/users/jacob/documents/visual studio 2010/Projects/LinkedListQueueProject/LinkedListQueueTests/bin/Debug/LinkedListQueueTests.DLL" adapterTypeName="Microsoft.VisualStudio.TestTools.TestTypes.Unit.UnitTestAdapter, Microsoft.VisualStudio.QualityTools.Tips.UnitTest.Adapter, Version=10.0.0.0, Culture=neutral, PublicKeyToken=b03f5f7f11d50a3a" className="LinkedListQueueTests.LinkedListQueueTest, LinkedListQueueTests, Version=1.0.0.0, Culture=neutral, PublicKeyToken=null" name="LinkedListQueueConstructorTest" />
    </UnitTest>
    <UnitTest name="FindShouldReturnDesiredNode" storage="c:\users\jacob\documents\visual studio 2010\projects\linkedlistqueueproject\linkedlistqueuetests\bin\debug\linkedlistqueuetests.dll" id="0dfd78de-e5c1-c74c-a152-fd356d88d7a2">
      <Execution id="6a6f300e-51c1-4e92-a679-672fffa0d003" />
      <TestMethod codeBase="c:/users/jacob/documents/visual studio 2010/Projects/LinkedListQueueProject/LinkedListQueueTests/bin/Debug/LinkedListQueueTests.DLL" adapterTypeName="Microsoft.VisualStudio.TestTools.TestTypes.Unit.UnitTestAdapter, Microsoft.VisualStudio.QualityTools.Tips.UnitTest.Adapter, Version=10.0.0.0, Culture=neutral, PublicKeyToken=b03f5f7f11d50a3a" className="LinkedListQueueTests.LinkedListQueueTest, LinkedListQueueTests, Version=1.0.0.0, Culture=neutral, PublicKeyToken=null" name="FindShouldReturnDesiredNode" />
    </UnitTest>
    <UnitTest name="DequeueShouldReturnHeadNode" storage="c:\users\jacob\documents\visual studio 2010\projects\linkedlistqueueproject\linkedlistqueuetests\bin\debug\linkedlistqueuetests.dll" id="f37e1ef7-2f0e-3581-34f0-f5472e6bfe7c">
      <Execution id="32d11f54-54b9-4a18-9c9d-2f94f56d5f71" />
      <TestMethod codeBase="c:/users/jacob/documents/visual studio 2010/Projects/LinkedListQueueProject/LinkedListQueueTests/bin/Debug/LinkedListQueueTests.DLL" adapterTypeName="Microsoft.VisualStudio.TestTools.TestTypes.Unit.UnitTestAdapter, Microsoft.VisualStudio.QualityTools.Tips.UnitTest.Adapter, Version=10.0.0.0, Culture=neutral, PublicKeyToken=b03f5f7f11d50a3a" className="LinkedListQueueTests.LinkedListQueueTest, LinkedListQueueTests, Version=1.0.0.0, Culture=neutral, PublicKeyToken=null" name="DequeueShouldReturnHeadNode" />
    </UnitTest>
    <UnitTest name="EnqueueShouldTakeANode" storage="c:\users\jacob\documents\visual studio 2010\projects\linkedlistqueueproject\linkedlistqueuetests\bin\debug\linkedlistqueuetests.dll" id="afad4eff-e3a9-fc6d-d441-26bd438a489b">
      <Execution id="e6dd4cb7-84bf-4b38-96fe-1eaed5f864eb" />
      <TestMethod codeBase="c:/users/jacob/documents/visual studio 2010/Projects/LinkedListQueueProject/LinkedListQueueTests/bin/Debug/LinkedListQueueTests.DLL" adapterTypeName="Microsoft.VisualStudio.TestTools.TestTypes.Unit.UnitTestAdapter, Microsoft.VisualStudio.QualityTools.Tips.UnitTest.Adapter, Version=10.0.0.0, Culture=neutral, PublicKeyToken=b03f5f7f11d50a3a" className="LinkedListQueueTests.LinkedListQueueTest, LinkedListQueueTests, Version=1.0.0.0, Culture=neutral, PublicKeyToken=null" name="EnqueueShouldTakeANode" />
    </UnitTest>
    <UnitTest name="EnqueueShouldAddPreviousTailToNewTailsNextNode" storage="c:\users\jacob\documents\visual studio 2010\projects\linkedlistqueueproject\linkedlistqueuetests\bin\debug\linkedlistqueuetests.dll" id="a14a2c93-7cbc-9b40-51c7-07d229970091">
      <Execution id="adf2ee60-733f-4d68-a0b3-88d9dc021810" />
      <TestMethod codeBase="c:/users/jacob/documents/visual studio 2010/Projects/LinkedListQueueProject/LinkedListQueueTests/bin/Debug/LinkedListQueueTests.DLL" adapterTypeName="Microsoft.VisualStudio.TestTools.TestTypes.Unit.UnitTestAdapter, Microsoft.VisualStudio.QualityTools.Tips.UnitTest.Adapter, Version=10.0.0.0, Culture=neutral, PublicKeyToken=b03f5f7f11d50a3a" className="LinkedListQueueTests.LinkedListQueueTest, LinkedListQueueTests, Version=1.0.0.0, Culture=neutral, PublicKeyToken=null" name="EnqueueShouldAddPreviousTailToNewTailsNextNode" />
    </UnitTest>
    <UnitTest name="TailShouldReturnLastNodeInQueue" storage="c:\users\jacob\documents\visual studio 2010\projects\linkedlistqueueproject\linkedlistqueuetests\bin\debug\linkedlistqueuetests.dll" id="7af559c6-30cb-3c6c-c619-926d8a6a7847">
      <Execution id="147b2ec6-67b4-4627-8e4f-d0391d03db92" />
      <TestMethod codeBase="c:/users/jacob/documents/visual studio 2010/Projects/LinkedListQueueProject/LinkedListQueueTests/bin/Debug/LinkedListQueueTests.DLL" adapterTypeName="Microsoft.VisualStudio.TestTools.TestTypes.Unit.UnitTestAdapter, Microsoft.VisualStudio.QualityTools.Tips.UnitTest.Adapter, Version=10.0.0.0, Culture=neutral, PublicKeyToken=b03f5f7f11d50a3a" className="LinkedListQueueTests.LinkedListQueueTest, LinkedListQueueTests, Version=1.0.0.0, Culture=neutral, PublicKeyToken=null" name="TailShouldReturnLastNodeInQueue" />
    </UnitTest>
    <UnitTest name="ShouldBeAbleToGetAndSetNextNode" storage="c:\users\jacob\documents\visual studio 2010\projects\linkedlistqueueproject\linkedlistqueuetests\bin\debug\linkedlistqueuetests.dll" id="5373455d-45db-29d0-b572-6ee8f80a0b06">
      <Execution id="126a6f83-e8ee-4cd1-97ad-a3be0d5e8fc9" />
      <TestMethod codeBase="c:/users/jacob/documents/visual studio 2010/Projects/LinkedListQueueProject/LinkedListQueueTests/bin/Debug/LinkedListQueueTests.DLL" adapterTypeName="Microsoft.VisualStudio.TestTools.TestTypes.Unit.UnitTestAdapter, Microsoft.VisualStudio.QualityTools.Tips.UnitTest.Adapter, Version=10.0.0.0, Culture=neutral, PublicKeyToken=b03f5f7f11d50a3a" className="LinkedListQueueTests.NodeTest, LinkedListQueueTests, Version=1.0.0.0, Culture=neutral, PublicKeyToken=null" name="ShouldBeAbleToGetAndSetNextNode" />
    </UnitTest>
  </TestDefinitions>
  <TestLists>
    <TestList name="Results Not in a List" id="8c84fa94-04c1-424b-9868-57a2d4851a1d" />
    <TestList name="All Loaded Results" id="19431567-8539-422a-85d7-44ee4e166bda" />
  </TestLists>
  <TestEntries>
    <TestEntry testId="dd3b011a-61ea-44e6-4650-dc9d8d3cf05c" executionId="d1e1f832-ae37-4c9b-a0c5-570b3ae97e03" testListId="8c84fa94-04c1-424b-9868-57a2d4851a1d" />
    <TestEntry testId="d1776204-a50e-1217-7175-95fca87297d1" executionId="2025b601-4171-4ac6-8fb0-506fd2b43ad0" testListId="8c84fa94-04c1-424b-9868-57a2d4851a1d" />
    <TestEntry testId="a14a2c93-7cbc-9b40-51c7-07d229970091" executionId="adf2ee60-733f-4d68-a0b3-88d9dc021810" testListId="8c84fa94-04c1-424b-9868-57a2d4851a1d" />
    <TestEntry testId="1d6b2bd8-3b8a-9e65-6d10-cf27e8523598" executionId="6c4e74ca-ff6f-47c6-ac82-3ec2f73f193d" testListId="8c84fa94-04c1-424b-9868-57a2d4851a1d" />
    <TestEntry testId="afad4eff-e3a9-fc6d-d441-26bd438a489b" executionId="e6dd4cb7-84bf-4b38-96fe-1eaed5f864eb" testListId="8c84fa94-04c1-424b-9868-57a2d4851a1d" />
    <TestEntry testId="f37e1ef7-2f0e-3581-34f0-f5472e6bfe7c" executionId="32d11f54-54b9-4a18-9c9d-2f94f56d5f71" testListId="8c84fa94-04c1-424b-9868-57a2d4851a1d" />
    <TestEntry testId="5373455d-45db-29d0-b572-6ee8f80a0b06" executionId="126a6f83-e8ee-4cd1-97ad-a3be0d5e8fc9" testListId="8c84fa94-04c1-424b-9868-57a2d4851a1d" />
    <TestEntry testId="fdd77d2c-d57c-f1cb-b178-ef37f15093cb" executionId="af408f13-3658-4477-ae8f-51729bd1326f" testListId="8c84fa94-04c1-424b-9868-57a2d4851a1d" />
    <TestEntry testId="14586cee-3adb-8ba8-b681-9889153d460a" executionId="24614226-cb4f-4f78-bc45-80df18973c84" testListId="8c84fa94-04c1-424b-9868-57a2d4851a1d" />
    <TestEntry testId="7af559c6-30cb-3c6c-c619-926d8a6a7847" executionId="147b2ec6-67b4-4627-8e4f-d0391d03db92" testListId="8c84fa94-04c1-424b-9868-57a2d4851a1d" />
    <TestEntry testId="73e15b9f-3684-1b00-0ae0-6e777dc87c11" executionId="93cd8f12-00be-48a9-884e-c60f3108fbf2" testListId="8c84fa94-04c1-424b-9868-57a2d4851a1d" />
    <TestEntry testId="0dfd78de-e5c1-c74c-a152-fd356d88d7a2" executionId="6a6f300e-51c1-4e92-a679-672fffa0d003" testListId="8c84fa94-04c1-424b-9868-57a2d4851a1d" />
    <TestEntry testId="8ae4aee8-2123-fb66-d340-87c2f40d0e5d" executionId="7227a0a9-7336-4448-af42-c6defb1ef8ff" testListId="8c84fa94-04c1-424b-9868-57a2d4851a1d" />
    <TestEntry testId="7bb9d228-8e50-7876-e2f7-9e8cfbb85167" executionId="a92ce702-476a-463a-9b7d-46b722dbb9d3" testListId="8c84fa94-04c1-424b-9868-57a2d4851a1d" />
  </TestEntries>
  <Results>
    <UnitTestResult executionId="d1e1f832-ae37-4c9b-a0c5-570b3ae97e03" testId="dd3b011a-61ea-44e6-4650-dc9d8d3cf05c" testName="SetNamesShouldChangeTheName" computerName="MANTA" duration="00:00:00.0098278" startTime="2014-01-20T12:57:50.3734460-06:00" endTime="2014-01-20T12:57:50.4975338-06:00" testType="13cdc9d9-ddb5-4fa4-a97d-d965ccfc6d4b" outcome="Passed" testListId="8c84fa94-04c1-424b-9868-57a2d4851a1d" relativeResultsDirectory="d1e1f832-ae37-4c9b-a0c5-570b3ae97e03">
    </UnitTestResult>
    <UnitTestResult executionId="2025b601-4171-4ac6-8fb0-506fd2b43ad0" testId="d1776204-a50e-1217-7175-95fca87297d1" testName="HeadMethodShouldReturnHeadNode" computerName="MANTA" duration="00:00:00.0005255" startTime="2014-01-20T12:57:50.4985345-06:00" endTime="2014-01-20T12:57:50.5015383-06:00" testType="13cdc9d9-ddb5-4fa4-a97d-d965ccfc6d4b" outcome="Passed" testListId="8c84fa94-04c1-424b-9868-57a2d4851a1d" relativeResultsDirectory="2025b601-4171-4ac6-8fb0-506fd2b43ad0">
    </UnitTestResult>
    <UnitTestResult executionId="adf2ee60-733f-4d68-a0b3-88d9dc021810" testId="a14a2c93-7cbc-9b40-51c7-07d229970091" testName="EnqueueShouldAddPreviousTailToNewTailsNextNode" computerName="MANTA" duration="00:00:00.0002095" startTime="2014-01-20T12:57:50.5015383-06:00" endTime="2014-01-20T12:57:50.5045430-06:00" testType="13cdc9d9-ddb5-4fa4-a97d-d965ccfc6d4b" outcome="Passed" testListId="8c84fa94-04c1-424b-9868-57a2d4851a1d" relativeResultsDirectory="adf2ee60-733f-4d68-a0b3-88d9dc021810">
    </UnitTestResult>
    <UnitTestResult executionId="6c4e74ca-ff6f-47c6-ac82-3ec2f73f193d" testId="1d6b2bd8-3b8a-9e65-6d10-cf27e8523598" testName="ShouldBeAbleToCreateNodes" computerName="MANTA" duration="00:00:00.0001086" startTime="2014-01-20T12:57:50.5055390-06:00" endTime="2014-01-20T12:57:50.5085437-06:00" testType="13cdc9d9-ddb5-4fa4-a97d-d965ccfc6d4b" outcome="Passed" testListId="8c84fa94-04c1-424b-9868-57a2d4851a1d" relativeResultsDirectory="6c4e74ca-ff6f-47c6-ac82-3ec2f73f193d">
    </UnitTestResult>
    <UnitTestResult executionId="e6dd4cb7-84bf-4b38-96fe-1eaed5f864eb" testId="afad4eff-e3a9-fc6d-d441-26bd438a489b" testName="EnqueueShouldTakeANode" computerName="MANTA" duration="00:00:00.0001227" startTime="2014-01-20T12:57:50.5085437-06:00" endTime="2014-01-20T12:57:50.5115445-06:00" testType="13cdc9d9-ddb5-4fa4-a97d-d965ccfc6d4b" outcome="Passed" testListId="8c84fa94-04c1-424b-9868-57a2d4851a1d" relativeResultsDirectory="e6dd4cb7-84bf-4b38-96fe-1eaed5f864eb">
    </UnitTestResult>
    <UnitTestResult executionId="32d11f54-54b9-4a18-9c9d-2f94f56d5f71" testId="f37e1ef7-2f0e-3581-34f0-f5472e6bfe7c" testName="DequeueShouldReturnHeadNode" computerName="MANTA" duration="00:00:00.0002912" startTime="2014-01-20T12:57:50.5115445-06:00" endTime="2014-01-20T12:57:50.5145479-06:00" testType="13cdc9d9-ddb5-4fa4-a97d-d965ccfc6d4b" outcome="Passed" testListId="8c84fa94-04c1-424b-9868-57a2d4851a1d" relativeResultsDirectory="32d11f54-54b9-4a18-9c9d-2f94f56d5f71">
    </UnitTestResult>
    <UnitTestResult executionId="126a6f83-e8ee-4cd1-97ad-a3be0d5e8fc9" testId="5373455d-45db-29d0-b572-6ee8f80a0b06" testName="ShouldBeAbleToGetAndSetNextNode" computerName="MANTA" duration="00:00:00.0002394" startTime="2014-01-20T12:57:50.5155474-06:00" endTime="2014-01-20T12:57:50.5175479-06:00" testType="13cdc9d9-ddb5-4fa4-a97d-d965ccfc6d4b" outcome="Passed" testListId="8c84fa94-04c1-424b-9868-57a2d4851a1d" relativeResultsDirectory="126a6f83-e8ee-4cd1-97ad-a3be0d5e8fc9">
    </UnitTestResult>
    <UnitTestResult executionId="af408f13-3658-4477-ae8f-51729bd1326f" testId="fdd77d2c-d57c-f1cb-b178-ef37f15093cb" testName="ShouldBeAbleToCreateNodesWithNextNodes" computerName="MANTA" duration="00:00:00.0002039" startTime="2014-01-20T12:57:50.5185615-06:00" endTime="2014-01-20T12:57:50.5215508-06:00" testType="13cdc9d9-ddb5-4fa4-a97d-d965ccfc6d4b" outcome="Passed" testListId="8c84fa94-04c1-424b-9868-57a2d4851a1d" relativeResultsDirectory="af408f13-3658-4477-ae8f-51729bd1326f">
    </UnitTestResult>
    <UnitTestResult executionId="24614226-cb4f-4f78-bc45-80df18973c84" testId="14586cee-3adb-8ba8-b681-9889153d460a" testName="GetNameShouldReturnAName" computerName="MANTA" duration="00:00:00.0001509" startTime="2014-01-20T12:57:50.5215508-06:00" endTime="2014-01-20T12:57:50.5245661-06:00" testType="13cdc9d9-ddb5-4fa4-a97d-d965ccfc6d4b" outcome="Passed" testListId="8c84fa94-04c1-424b-9868-57a2d4851a1d" relativeResultsDirectory="24614226-cb4f-4f78-bc45-80df18973c84">
    </UnitTestResult>
    <UnitTestResult executionId="147b2ec6-67b4-4627-8e4f-d0391d03db92" testId="7af559c6-30cb-3c6c-c619-926d8a6a7847" testName="TailShouldReturnLastNodeInQueue" computerName="MANTA" duration="00:00:00.0002873" startTime="2014-01-20T12:57:50.5245661-06:00" endTime="2014-01-20T12:57:50.5275571-06:00" testType="13cdc9d9-ddb5-4fa4-a97d-d965ccfc6d4b" outcome="Passed" testListId="8c84fa94-04c1-424b-9868-57a2d4851a1d" relativeResultsDirectory="147b2ec6-67b4-4627-8e4f-d0391d03db92">
    </UnitTestResult>
    <UnitTestResult executionId="93cd8f12-00be-48a9-884e-c60f3108fbf2" testId="73e15b9f-3684-1b00-0ae0-6e777dc87c11" testName="ShouldBeAbleToCreateNodesWithNames" computerName="MANTA" duration="00:00:00.0001158" startTime="2014-01-20T12:57:50.5285557-06:00" endTime="2014-01-20T12:57:50.5315578-06:00" testType="13cdc9d9-ddb5-4fa4-a97d-d965ccfc6d4b" outcome="Passed" testListId="8c84fa94-04c1-424b-9868-57a2d4851a1d" relativeResultsDirectory="93cd8f12-00be-48a9-884e-c60f3108fbf2">
    </UnitTestResult>
    <UnitTestResult executionId="6a6f300e-51c1-4e92-a679-672fffa0d003" testId="0dfd78de-e5c1-c74c-a152-fd356d88d7a2" testName="FindShouldReturnDesiredNode" computerName="MANTA" duration="00:00:00.0004075" startTime="2014-01-20T12:57:50.5325594-06:00" endTime="2014-01-20T12:57:50.5355611-06:00" testType="13cdc9d9-ddb5-4fa4-a97d-d965ccfc6d4b" outcome="Passed" testListId="8c84fa94-04c1-424b-9868-57a2d4851a1d" relativeResultsDirectory="6a6f300e-51c1-4e92-a679-672fffa0d003">
    </UnitTestResult>
    <UnitTestResult executionId="7227a0a9-7336-4448-af42-c6defb1ef8ff" testId="8ae4aee8-2123-fb66-d340-87c2f40d0e5d" testName="DequeueShouldCreateNewHeadNode" computerName="MANTA" duration="00:00:00.0127410" startTime="2014-01-20T12:57:50.5355611-06:00" endTime="2014-01-20T12:57:50.5515733-06:00" testType="13cdc9d9-ddb5-4fa4-a97d-d965ccfc6d4b" outcome="Failed" testListId="8c84fa94-04c1-424b-9868-57a2d4851a1d" relativeResultsDirectory="7227a0a9-7336-4448-af42-c6defb1ef8ff">
      <Output>
        <ErrorInfo>
          <Message>Assert.AreEqual failed. Expected:&lt;LinkedListQueueProject.Node&gt;. Actual:&lt;(null)&gt;. </Message>
          <StackTrace>   at LinkedListQueueTests.LinkedListQueueTest.DequeueShouldCreateNewHeadNode() in c:\users\jacob\documents\visual studio 2010\Projects\LinkedListQueueProject\LinkedListQueueTests\LinkedListQueueTest.cs:line 129
</StackTrace>
        </ErrorInfo>
      </Output>
    </UnitTestResult>
    <UnitTestResult executionId="a92ce702-476a-463a-9b7d-46b722dbb9d3" testId="7bb9d228-8e50-7876-e2f7-9e8cfbb85167" testName="LinkedListQueueConstructorTest" computerName="MANTA" duration="00:00:00.0001372" startTime="2014-01-20T12:57:50.5515733-06:00" endTime="2014-01-20T12:57:50.5545745-06:00" testType="13cdc9d9-ddb5-4fa4-a97d-d965ccfc6d4b" outcome="Passed" testListId="8c84fa94-04c1-424b-9868-57a2d4851a1d" relativeResultsDirectory="a92ce702-476a-463a-9b7d-46b722dbb9d3">
    </UnitTestResult>
  </Results>
</TestRun>